
> property@0.1.0 build
> next build

Γû▓ Next.js 16.1.6 (Turbopack)
- Environments: .env

  Creating an optimized production build ...
Γ£ô Compiled successfully in 7.6s
  Running TypeScript ...
npm : Failed to compile.
At line:1 char:1
+ npm run build > build_output.log 2>&1
+ ~~~~~~~~~~~~~~~~~~~~~~~~~~~~~~~~~~~~~
    + CategoryInfo          : NotSpecified: (Failed to compile.:String) [], R 
   emoteException
    + FullyQualifiedErrorId : NativeCommandError
 

./app/api/properties/route.ts:36:7
Type error: Type '{ slug: string; title: string; description: string; city: 
string; locality: string; propertyType: "PLOT" | "FLAT" | "VILLA" | "HOUSE"; 
price: number; areaSqFt: number; featured: boolean; status: "ACTIVE" | 
"SOLD"; images: string[]; bhk?: number | ... 1 more ... | undefined; }' is 
not assignable to type '(Without<PropertyCreateInput, 
PropertyUncheckedCreateInput> & PropertyUncheckedCreateInput) | (Without<...> 
& PropertyCreateInput)'.
  Type '{ slug: string; title: string; description: string; city: string; 
locality: string; propertyType: "PLOT" | "FLAT" | "VILLA" | "HOUSE"; price: 
number; areaSqFt: number; featured: boolean; status: "ACTIVE" | "SOLD"; 
images: string[]; bhk?: number | ... 1 more ... | undefined; }' is not 
assignable to type 'Without<PropertyUncheckedCreateInput, 
PropertyCreateInput> & PropertyCreateInput'.
    Property 'priceCategory' is missing in type '{ slug: string; title: 
string; description: string; city: string; locality: string; propertyType: 
"PLOT" | "FLAT" | "VILLA" | "HOUSE"; price: number; areaSqFt: number; 
featured: boolean; status: "ACTIVE" | "SOLD"; images: string[]; bhk?: number 
| ... 1 more ... | undefined; }' but required in type 'PropertyCreateInput'.

[0m [90m 34 |[39m
 [90m 35 |[39m     [36mconst[39m property [33m=[39m [36mawait[39m 
prisma[33m.[39mproperty[33m.[39mcreate({
[31m[1m>[22m[39m[90m 36 |[39m       data[33m:[39m {
 [90m    |[39m       [31m[1m^[22m[39m
 [90m 37 |[39m         [33m...[39mvalidatedData[33m,[39m
 [90m 38 |[39m         slug[33m:[39m validatedData[33m.[39mtitle[33m.[
39mtoLowerCase()[33m.[39mreplace([35m/ /g[39m[33m,[39m 
[32m"-"[39m)[33m.[39mreplace([35m/[^\w-]+/g[39m[33m,[39m 
[32m""[39m)[33m,[39m
 [90m 39 |[39m       }[33m,[39m[0m
Next.js build worker exited with code: 1 and signal: null
